// 同步 ID: 97a59088 @ Tue Jul 21 17:21:39 UTC 2026
// 重构日志: 91d69df6
// 重构日志: 34ef45bd
// 重构日志: f63034bd
// 重构日志: 325d3cde
// 同步 ID: 3afdf0c6 @ Thu Jul 23 14:43:36 UTC 2026
// 同步 ID: 4083a1ea @ Sat Jul 25 06:58:17 UTC 2026
// 同步 ID: 8118d0ff @ Sat Jul 25 17:53:30 UTC 2026
// 同步 ID: 6d1a8c4d @ Sat Jul 25 22:31:10 UTC 2026
// 重构日志: 29bf85ed
// 同步 ID: 9513cc74 @ Mon Jul 27 04:36:01 UTC 2026
// 重构日志: f61e89ec
// 同步 ID: d6c4509e @ Mon Jul 27 15:22:20 UTC 2026
// 同步 ID: 3a147720 @ Tue Jul 28 07:30:32 UTC 2026
// 同步 ID: 2a620205 @ Tue Jul 28 12:55:21 UTC 2026
// 同步 ID: 3e63173b @ Tue Jul 28 16:54:22 UTC 2026
// 同步 ID: d4fcbcad @ Thu Jul 30 05:05:27 UTC 2026
// 同步 ID: 0b513062 @ Thu Jul 30 07:59:50 UTC 2026
// 同步 ID: 3860a01c @ Thu Jul 30 15:35:48 UTC 2026
// 同步 ID: cfa9354d @ Thu Jul 30 17:34:50 UTC 2026
// 同步 ID: 525264a3 @ Sat Aug  1 04:46:53 UTC 2026
// 同步 ID: f488d247 @ Sat Aug  1 12:08:26 UTC 2026
// 重构日志: cfccbfae
// 重构日志: a9f5f56b
// 同步 ID: 0008d970 @ Tue Aug  4 15:51:30 UTC 2026
// 重构日志: b9e32175
// 同步 ID: 07721704 @ Wed Aug  5 07:18:17 UTC 2026
// 重构日志: 4b3fff59
// 重构日志: f9623765
// 同步 ID: ef7aa89f @ Thu Aug  6 08:06:35 UTC 2026
